Component: Arm Compiler for Embedded 6.19 Tool: armlink [5e73cb00]

==============================================================================

Section Cross References

    sevensegmentdisplay.o(.text.main) refers to sevensegmentdisplay.o(.text.Init) for Init
    sevensegmentdisplay.o(.text.main) refers to sevensegmentdisplay.o(.text.Read_Button_State) for Read_Button_State
    sevensegmentdisplay.o(.text.main) refers to sevensegmentdisplay.o(.text.Seven_Segment_Display) for Seven_Segment_Display
    sevensegmentdisplay.o(.text.main) refers to sevensegmentdisplay.o(.text.Delay) for Delay
    sevensegmentdisplay.o(.ARM.exidx.text.main) refers to sevensegmentdisplay.o(.text.main) for [Anonymous Symbol]
    sevensegmentdisplay.o(.ARM.exidx.text.Init) refers to sevensegmentdisplay.o(.text.Init) for [Anonymous Symbol]
    sevensegmentdisplay.o(.text.Read_Button_State) refers to sevensegmentdisplay.o(.bss.switch1) for [Anonymous Symbol]
    sevensegmentdisplay.o(.text.Read_Button_State) refers to sevensegmentdisplay.o(.bss.switch2) for [Anonymous Symbol]
    sevensegmentdisplay.o(.text.Read_Button_State) refers to sevensegmentdisplay.o(.bss.switch3) for [Anonymous Symbol]
    sevensegmentdisplay.o(.text.Read_Button_State) refers to sevensegmentdisplay.o(.bss.switch4) for [Anonymous Symbol]
    sevensegmentdisplay.o(.ARM.exidx.text.Read_Button_State) refers to sevensegmentdisplay.o(.text.Read_Button_State) for [Anonymous Symbol]
    sevensegmentdisplay.o(.text.Seven_Segment_Display) refers to sevensegmentdisplay.o(.bss.switch4) for [Anonymous Symbol]
    sevensegmentdisplay.o(.text.Seven_Segment_Display) refers to sevensegmentdisplay.o(.bss.switch3) for [Anonymous Symbol]
    sevensegmentdisplay.o(.text.Seven_Segment_Display) refers to sevensegmentdisplay.o(.bss.switch2) for [Anonymous Symbol]
    sevensegmentdisplay.o(.text.Seven_Segment_Display) refers to sevensegmentdisplay.o(.bss.switch1) for [Anonymous Symbol]
    sevensegmentdisplay.o(.ARM.exidx.text.Seven_Segment_Display) refers to sevensegmentdisplay.o(.text.Seven_Segment_Display) for [Anonymous Symbol]
    sevensegmentdisplay.o(.ARM.exidx.text.Delay) refers to sevensegmentdisplay.o(.text.Delay) for [Anonymous Symbol]
    startup_mkl25z4.o(RESET) refers to startup_mkl25z4.o(STACK) for __initial_sp
    startup_mkl25z4.o(RESET) refers to startup_mkl25z4.o(.text) for Reset_Handler
    startup_mkl25z4.o(.text) refers to system_mkl25z4.o(.text.SystemInit) for SystemInit
    startup_mkl25z4.o(.text) refers to entry.o(.ARM.Collect$$$$00000000) for __main
    system_mkl25z4.o(.ARM.exidx.text.SystemInit) refers to system_mkl25z4.o(.text.SystemInit) for [Anonymous Symbol]
    system_mkl25z4.o(.text.SystemCoreClockUpdate) refers to uidiv_div0.o(.text) for __aeabi_uidiv
    system_mkl25z4.o(.text.SystemCoreClockUpdate) refers to system_mkl25z4.o(.data.SystemCoreClock) for SystemCoreClock
    system_mkl25z4.o(.ARM.exidx.text.SystemCoreClockUpdate) refers to system_mkl25z4.o(.text.SystemCoreClockUpdate) for [Anonymous Symbol]
    entry.o(.ARM.Collect$$$$00000000) refers (Special) to entry10a.o(.ARM.Collect$$$$0000000D) for __rt_final_cpp
    entry.o(.ARM.Collect$$$$00000000) refers (Special) to entry11a.o(.ARM.Collect$$$$0000000F) for __rt_final_exit
    entry.o(.ARM.Collect$$$$00000000) refers (Special) to entry7b.o(.ARM.Collect$$$$00000008) for _main_clock
    entry.o(.ARM.Collect$$$$00000000) refers (Special) to entry8b.o(.ARM.Collect$$$$0000000A) for _main_cpp_init
    entry.o(.ARM.Collect$$$$00000000) refers (Special) to entry9a.o(.ARM.Collect$$$$0000000B) for _main_init
    entry.o(.ARM.Collect$$$$00000000) refers (Special) to entry5.o(.ARM.Collect$$$$00000004) for _main_scatterload
    entry.o(.ARM.Collect$$$$00000000) refers (Special) to entry2.o(.ARM.Collect$$$$00000001) for _main_stk
    entry2.o(.ARM.Collect$$$$00000001) refers to entry2.o(.ARM.Collect$$$$00002712) for __lit__00000000
    entry2.o(.ARM.Collect$$$$00002712) refers to startup_mkl25z4.o(STACK) for __initial_sp
    entry2.o(__vectab_stack_and_reset_area) refers to startup_mkl25z4.o(STACK) for __initial_sp
    entry2.o(__vectab_stack_and_reset_area) refers to entry.o(.ARM.Collect$$$$00000000) for __main
    entry5.o(.ARM.Collect$$$$00000004) refers to init.o(.text) for __scatterload
    entry9a.o(.ARM.Collect$$$$0000000B) refers to sevensegmentdisplay.o(.text.main) for main
    entry9b.o(.ARM.Collect$$$$0000000C) refers to sevensegmentdisplay.o(.text.main) for main
    idiv_div0.o(.text) refers to uidiv_div0.o(.text) for __aeabi_uidivmod
    init.o(.text) refers to entry5.o(.ARM.Collect$$$$00000004) for __main_after_scatterload


==============================================================================

Removing Unused input sections from the image.

    Removing sevensegmentdisplay.o(.text), (0 bytes).
    Removing sevensegmentdisplay.o(.ARM.exidx.text.main), (8 bytes).
    Removing sevensegmentdisplay.o(.ARM.exidx.text.Init), (8 bytes).
    Removing sevensegmentdisplay.o(.ARM.exidx.text.Read_Button_State), (8 bytes).
    Removing sevensegmentdisplay.o(.ARM.exidx.text.Seven_Segment_Display), (8 bytes).
    Removing sevensegmentdisplay.o(.ARM.exidx.text.Delay), (8 bytes).
    Removing sevensegmentdisplay.o(.ARM.use_no_argv), (4 bytes).
    Removing startup_mkl25z4.o(HEAP), (0 bytes).
    Removing system_mkl25z4.o(.text), (0 bytes).
    Removing system_mkl25z4.o(.ARM.exidx.text.SystemInit), (8 bytes).
    Removing system_mkl25z4.o(.text.SystemCoreClockUpdate), (556 bytes).
    Removing system_mkl25z4.o(.ARM.exidx.text.SystemCoreClockUpdate), (8 bytes).
    Removing system_mkl25z4.o(.data.SystemCoreClock), (4 bytes).

13 unused section(s) (total 620 bytes) removed from the image.

==============================================================================

Image Symbol Table

    Local Symbols

    Symbol Name                              Value     Ov Type        Size  Object(Section)

    ../clib/division.s                       0x00000000   Number         0  aeabi_sdiv.o ABSOLUTE
    ../clib/division.s                       0x00000000   Number         0  aeabi_sdiv_div0.o ABSOLUTE
    ../clib/microlib/division.c              0x00000000   Number         0  uidiv.o ABSOLUTE
    ../clib/microlib/division.c              0x00000000   Number         0  uidiv_div0.o ABSOLUTE
    ../clib/microlib/division.c              0x00000000   Number         0  idiv_div0.o ABSOLUTE
    ../clib/microlib/division.c              0x00000000   Number         0  idiv0.o ABSOLUTE
    ../clib/microlib/init/entry.s            0x00000000   Number         0  entry.o ABSOLUTE
    ../clib/microlib/init/entry.s            0x00000000   Number         0  entry2.o ABSOLUTE
    ../clib/microlib/init/entry.s            0x00000000   Number         0  entry5.o ABSOLUTE
    ../clib/microlib/init/entry.s            0x00000000   Number         0  entry7a.o ABSOLUTE
    ../clib/microlib/init/entry.s            0x00000000   Number         0  entry7b.o ABSOLUTE
    ../clib/microlib/init/entry.s            0x00000000   Number         0  entry8a.o ABSOLUTE
    ../clib/microlib/init/entry.s            0x00000000   Number         0  entry8b.o ABSOLUTE
    ../clib/microlib/init/entry.s            0x00000000   Number         0  entry9a.o ABSOLUTE
    ../clib/microlib/init/entry.s            0x00000000   Number         0  entry9b.o ABSOLUTE
    ../clib/microlib/init/entry.s            0x00000000   Number         0  entry10a.o ABSOLUTE
    ../clib/microlib/init/entry.s            0x00000000   Number         0  entry10b.o ABSOLUTE
    ../clib/microlib/init/entry.s            0x00000000   Number         0  entry11a.o ABSOLUTE
    ../clib/microlib/init/entry.s            0x00000000   Number         0  entry11b.o ABSOLUTE
    RTE/Device/MKL25Z128xxx4/startup_MKL25Z4.s 0x00000000   Number         0  startup_mkl25z4.o ABSOLUTE
    SevenSegmentDisplay.c                    0x00000000   Number         0  sevensegmentdisplay.o ABSOLUTE
    dc.s                                     0x00000000   Number         0  dc.o ABSOLUTE
    handlers.s                               0x00000000   Number         0  handlers.o ABSOLUTE
    init.s                                   0x00000000   Number         0  init.o ABSOLUTE
    system_MKL25Z4.c                         0x00000000   Number         0  system_mkl25z4.o ABSOLUTE
    RESET                                    0x00000000   Section      192  startup_mkl25z4.o(RESET)
    .ARM.Collect$$$$00000000                 0x000000c0   Section        0  entry.o(.ARM.Collect$$$$00000000)
    .ARM.Collect$$$$00000001                 0x000000c0   Section        4  entry2.o(.ARM.Collect$$$$00000001)
    .ARM.Collect$$$$00000004                 0x000000c4   Section        4  entry5.o(.ARM.Collect$$$$00000004)
    .ARM.Collect$$$$00000008                 0x000000c8   Section        0  entry7b.o(.ARM.Collect$$$$00000008)
    .ARM.Collect$$$$0000000A                 0x000000c8   Section        0  entry8b.o(.ARM.Collect$$$$0000000A)
    .ARM.Collect$$$$0000000B                 0x000000c8   Section        8  entry9a.o(.ARM.Collect$$$$0000000B)
    __lit__00000000                          0x000000d0   Data           4  entry2.o(.ARM.Collect$$$$00002712)
    .ARM.Collect$$$$0000000D                 0x000000d0   Section        0  entry10a.o(.ARM.Collect$$$$0000000D)
    .ARM.Collect$$$$0000000F                 0x000000d0   Section        0  entry11a.o(.ARM.Collect$$$$0000000F)
    .ARM.Collect$$$$00002712                 0x000000d0   Section        4  entry2.o(.ARM.Collect$$$$00002712)
    .text                                    0x000000d4   Section       40  startup_mkl25z4.o(.text)
    .text                                    0x000000fc   Section       36  init.o(.text)
    [Anonymous Symbol]                       0x00000120   Section        0  sevensegmentdisplay.o(.text.Delay)
    [Anonymous Symbol]                       0x00000138   Section        0  sevensegmentdisplay.o(.text.Init)
    __arm_cp.1_0                             0x00000244   Number         4  sevensegmentdisplay.o(.text.Init)
    __arm_cp.1_1                             0x00000248   Number         4  sevensegmentdisplay.o(.text.Init)
    __arm_cp.1_2                             0x0000024c   Number         4  sevensegmentdisplay.o(.text.Init)
    __arm_cp.1_3                             0x00000250   Number         4  sevensegmentdisplay.o(.text.Init)
    __arm_cp.1_4                             0x00000254   Number         4  sevensegmentdisplay.o(.text.Init)
    __arm_cp.1_5                             0x00000258   Number         4  sevensegmentdisplay.o(.text.Init)
    __arm_cp.1_6                             0x0000025c   Number         4  sevensegmentdisplay.o(.text.Init)
    __arm_cp.1_7                             0x00000260   Number         4  sevensegmentdisplay.o(.text.Init)
    __arm_cp.1_8                             0x00000264   Number         4  sevensegmentdisplay.o(.text.Init)
    __arm_cp.1_9                             0x00000268   Number         4  sevensegmentdisplay.o(.text.Init)
    __arm_cp.1_10                            0x0000026c   Number         4  sevensegmentdisplay.o(.text.Init)
    __arm_cp.1_11                            0x00000270   Number         4  sevensegmentdisplay.o(.text.Init)
    __arm_cp.1_12                            0x00000274   Number         4  sevensegmentdisplay.o(.text.Init)
    __arm_cp.1_13                            0x00000278   Number         4  sevensegmentdisplay.o(.text.Init)
    __arm_cp.1_14                            0x0000027c   Number         4  sevensegmentdisplay.o(.text.Init)
    __arm_cp.1_15                            0x00000280   Number         4  sevensegmentdisplay.o(.text.Init)
    __arm_cp.1_16                            0x00000284   Number         4  sevensegmentdisplay.o(.text.Init)
    __arm_cp.1_17                            0x00000288   Number         4  sevensegmentdisplay.o(.text.Init)
    __arm_cp.1_18                            0x0000028c   Number         4  sevensegmentdisplay.o(.text.Init)
    [Anonymous Symbol]                       0x00000290   Section        0  sevensegmentdisplay.o(.text.Read_Button_State)
    __arm_cp.2_0                             0x00000304   Number         4  sevensegmentdisplay.o(.text.Read_Button_State)
    __arm_cp.2_1                             0x00000308   Number         4  sevensegmentdisplay.o(.text.Read_Button_State)
    __arm_cp.2_2                             0x0000030c   Number         4  sevensegmentdisplay.o(.text.Read_Button_State)
    __arm_cp.2_3                             0x00000310   Number         4  sevensegmentdisplay.o(.text.Read_Button_State)
    __arm_cp.2_4                             0x00000314   Number         4  sevensegmentdisplay.o(.text.Read_Button_State)
    [Anonymous Symbol]                       0x00000318   Section        0  system_mkl25z4.o(.text.SystemInit)
    __arm_cp.0_0                             0x00000320   Number         4  system_mkl25z4.o(.text.SystemInit)
    [Anonymous Symbol]                       0x00000324   Section        0  sevensegmentdisplay.o(.text.main)
    __arm_cp.0_0                             0x00000344   Number         4  sevensegmentdisplay.o(.text.main)
    i.__scatterload_copy                     0x00000348   Section       14  handlers.o(i.__scatterload_copy)
    i.__scatterload_null                     0x00000356   Section        2  handlers.o(i.__scatterload_null)
    i.__scatterload_zeroinit                 0x00000358   Section       14  handlers.o(i.__scatterload_zeroinit)
    .ARM.__at_0x400                          0x00000400   Section       16  startup_mkl25z4.o(.ARM.__at_0x400)
    [Anonymous Symbol]                       0x00000410   Section        0  sevensegmentdisplay.o(.text.Seven_Segment_Display)
    __arm_cp.3_0                             0x0000073c   Number         4  sevensegmentdisplay.o(.text.Seven_Segment_Display)
    __arm_cp.3_1                             0x00000740   Number         4  sevensegmentdisplay.o(.text.Seven_Segment_Display)
    __arm_cp.3_2                             0x00000744   Number         4  sevensegmentdisplay.o(.text.Seven_Segment_Display)
    __arm_cp.3_3                             0x00000748   Number         4  sevensegmentdisplay.o(.text.Seven_Segment_Display)
    __arm_cp.3_4                             0x0000074c   Number         4  sevensegmentdisplay.o(.text.Seven_Segment_Display)
    __arm_cp.3_5                             0x00000750   Number         4  sevensegmentdisplay.o(.text.Seven_Segment_Display)
    switch1                                  0x1ffff000   Data           4  sevensegmentdisplay.o(.bss.switch1)
    [Anonymous Symbol]                       0x1ffff000   Section        0  sevensegmentdisplay.o(.bss.switch1)
    switch2                                  0x1ffff004   Data           4  sevensegmentdisplay.o(.bss.switch2)
    [Anonymous Symbol]                       0x1ffff004   Section        0  sevensegmentdisplay.o(.bss.switch2)
    switch3                                  0x1ffff008   Data           4  sevensegmentdisplay.o(.bss.switch3)
    [Anonymous Symbol]                       0x1ffff008   Section        0  sevensegmentdisplay.o(.bss.switch3)
    switch4                                  0x1ffff00c   Data           4  sevensegmentdisplay.o(.bss.switch4)
    [Anonymous Symbol]                       0x1ffff00c   Section        0  sevensegmentdisplay.o(.bss.switch4)
    STACK                                    0x1ffff010   Section      256  startup_mkl25z4.o(STACK)

    Global Symbols

    Symbol Name                              Value     Ov Type        Size  Object(Section)

    BuildAttributes$$THM_ISAv3M$S$PE$A:L22$X:L11$S22$IEEE1$IW$~IW$USESV6$~STKCKD$USESV7$~SHL$OSPACE$EBA8$MICROLIB$REQ8$PRES8$EABIv2 0x00000000   Number         0  anon$$obj.o ABSOLUTE
    __Vectors                                0x00000000   Data           4  startup_mkl25z4.o(RESET)
    __cpp_initialize__aeabi_                  - Undefined Weak Reference
    __cxa_finalize                            - Undefined Weak Reference
    __decompress                              - Undefined Weak Reference
    _clock_init                               - Undefined Weak Reference
    _microlib_exit                            - Undefined Weak Reference
    __Vectors_End                            0x000000c0   Data           0  startup_mkl25z4.o(RESET)
    __Vectors_Size                           0x000000c0   Number         0  startup_mkl25z4.o ABSOLUTE
    __main                                   0x000000c1   Thumb Code     0  entry.o(.ARM.Collect$$$$00000000)
    _main_stk                                0x000000c1   Thumb Code     0  entry2.o(.ARM.Collect$$$$00000001)
    _main_scatterload                        0x000000c5   Thumb Code     0  entry5.o(.ARM.Collect$$$$00000004)
    __main_after_scatterload                 0x000000c9   Thumb Code     0  entry5.o(.ARM.Collect$$$$00000004)
    _main_clock                              0x000000c9   Thumb Code     0  entry7b.o(.ARM.Collect$$$$00000008)
    _main_cpp_init                           0x000000c9   Thumb Code     0  entry8b.o(.ARM.Collect$$$$0000000A)
    _main_init                               0x000000c9   Thumb Code     0  entry9a.o(.ARM.Collect$$$$0000000B)
    __rt_final_cpp                           0x000000d1   Thumb Code     0  entry10a.o(.ARM.Collect$$$$0000000D)
    __rt_final_exit                          0x000000d1   Thumb Code     0  entry11a.o(.ARM.Collect$$$$0000000F)
    Reset_Handler                            0x000000d5   Thumb Code    12  startup_mkl25z4.o(.text)
    NMI_Handler                              0x000000e1   Thumb Code     2  startup_mkl25z4.o(.text)
    HardFault_Handler                        0x000000e3   Thumb Code     2  startup_mkl25z4.o(.text)
    SVC_Handler                              0x000000e5   Thumb Code     2  startup_mkl25z4.o(.text)
    PendSV_Handler                           0x000000e7   Thumb Code     2  startup_mkl25z4.o(.text)
    SysTick_Handler                          0x000000e9   Thumb Code     2  startup_mkl25z4.o(.text)
    ADC0_IRQHandler                          0x000000eb   Thumb Code     0  startup_mkl25z4.o(.text)
    CMP0_IRQHandler                          0x000000eb   Thumb Code     0  startup_mkl25z4.o(.text)
    DAC0_IRQHandler                          0x000000eb   Thumb Code     0  startup_mkl25z4.o(.text)
    DMA0_IRQHandler                          0x000000eb   Thumb Code     0  startup_mkl25z4.o(.text)
    DMA1_IRQHandler                          0x000000eb   Thumb Code     0  startup_mkl25z4.o(.text)
    DMA2_IRQHandler                          0x000000eb   Thumb Code     0  startup_mkl25z4.o(.text)
    DMA3_IRQHandler                          0x000000eb   Thumb Code     0  startup_mkl25z4.o(.text)
    DefaultISR                               0x000000eb   Thumb Code     0  startup_mkl25z4.o(.text)
    FTFA_IRQHandler                          0x000000eb   Thumb Code     0  startup_mkl25z4.o(.text)
    I2C0_IRQHandler                          0x000000eb   Thumb Code     0  startup_mkl25z4.o(.text)
    I2C1_IRQHandler                          0x000000eb   Thumb Code     0  startup_mkl25z4.o(.text)
    LLWU_IRQHandler                          0x000000eb   Thumb Code     0  startup_mkl25z4.o(.text)
    LPTMR0_IRQHandler                        0x000000eb   Thumb Code     0  startup_mkl25z4.o(.text)
    LVD_LVW_IRQHandler                       0x000000eb   Thumb Code     0  startup_mkl25z4.o(.text)
    MCG_IRQHandler                           0x000000eb   Thumb Code     0  startup_mkl25z4.o(.text)
    PIT_IRQHandler                           0x000000eb   Thumb Code     0  startup_mkl25z4.o(.text)
    PORTA_IRQHandler                         0x000000eb   Thumb Code     0  startup_mkl25z4.o(.text)
    PORTD_IRQHandler                         0x000000eb   Thumb Code     0  startup_mkl25z4.o(.text)
    RTC_IRQHandler                           0x000000eb   Thumb Code     0  startup_mkl25z4.o(.text)
    RTC_Seconds_IRQHandler                   0x000000eb   Thumb Code     0  startup_mkl25z4.o(.text)
    Reserved20_IRQHandler                    0x000000eb   Thumb Code     0  startup_mkl25z4.o(.text)
    Reserved39_IRQHandler                    0x000000eb   Thumb Code     0  startup_mkl25z4.o(.text)
    Reserved45_IRQHandler                    0x000000eb   Thumb Code     0  startup_mkl25z4.o(.text)
    SPI0_IRQHandler                          0x000000eb   Thumb Code     0  startup_mkl25z4.o(.text)
    SPI1_IRQHandler                          0x000000eb   Thumb Code     0  startup_mkl25z4.o(.text)
    TPM0_IRQHandler                          0x000000eb   Thumb Code     0  startup_mkl25z4.o(.text)
    TPM1_IRQHandler                          0x000000eb   Thumb Code     0  startup_mkl25z4.o(.text)
    TPM2_IRQHandler                          0x000000eb   Thumb Code     0  startup_mkl25z4.o(.text)
    TSI0_IRQHandler                          0x000000eb   Thumb Code     0  startup_mkl25z4.o(.text)
    UART0_IRQHandler                         0x000000eb   Thumb Code     0  startup_mkl25z4.o(.text)
    UART1_IRQHandler                         0x000000eb   Thumb Code     0  startup_mkl25z4.o(.text)
    UART2_IRQHandler                         0x000000eb   Thumb Code     0  startup_mkl25z4.o(.text)
    USB0_IRQHandler                          0x000000eb   Thumb Code     0  startup_mkl25z4.o(.text)
    __scatterload                            0x000000fd   Thumb Code    28  init.o(.text)
    __scatterload_rt2                        0x000000fd   Thumb Code     0  init.o(.text)
    Delay                                    0x00000121   Thumb Code    24  sevensegmentdisplay.o(.text.Delay)
    Init                                     0x00000139   Thumb Code   268  sevensegmentdisplay.o(.text.Init)
    Read_Button_State                        0x00000291   Thumb Code   116  sevensegmentdisplay.o(.text.Read_Button_State)
    SystemInit                               0x00000319   Thumb Code     8  system_mkl25z4.o(.text.SystemInit)
    main                                     0x00000325   Thumb Code    32  sevensegmentdisplay.o(.text.main)
    __scatterload_copy                       0x00000349   Thumb Code    14  handlers.o(i.__scatterload_copy)
    __scatterload_null                       0x00000357   Thumb Code     2  handlers.o(i.__scatterload_null)
    __scatterload_zeroinit                   0x00000359   Thumb Code    14  handlers.o(i.__scatterload_zeroinit)
    Region$$Table$$Base                      0x00000368   Number         0  anon$$obj.o(Region$$Table)
    Region$$Table$$Limit                     0x00000378   Number         0  anon$$obj.o(Region$$Table)
    Seven_Segment_Display                    0x00000411   Thumb Code   812  sevensegmentdisplay.o(.text.Seven_Segment_Display)
    __initial_sp                             0x1ffff110   Data           0  startup_mkl25z4.o(STACK)



==============================================================================

Memory Map of the image

  Image Entry point : 0x000000d5

  Load Region LR_1 (Base: 0x00000000, Size: 0x00000754, Max: 0xffffffff, ABSOLUTE)

    Execution Region ER_RO (Exec base: 0x00000000, Load base: 0x00000000, Size: 0x00000754, Max: 0xffffffff, ABSOLUTE)

    Exec Addr    Load Addr    Size         Type   Attr      Idx    E Section Name        Object

    0x00000000   0x00000000   0x000000c0   Data   RO           25    RESET               startup_mkl25z4.o
    0x000000c0   0x000000c0   0x00000000   Code   RO           47  * .ARM.Collect$$$$00000000  mc_p.l(entry.o)
    0x000000c0   0x000000c0   0x00000004   Code   RO           54    .ARM.Collect$$$$00000001  mc_p.l(entry2.o)
    0x000000c4   0x000000c4   0x00000004   Code   RO           57    .ARM.Collect$$$$00000004  mc_p.l(entry5.o)
    0x000000c8   0x000000c8   0x00000000   Code   RO           59    .ARM.Collect$$$$00000008  mc_p.l(entry7b.o)
    0x000000c8   0x000000c8   0x00000000   Code   RO           61    .ARM.Collect$$$$0000000A  mc_p.l(entry8b.o)
    0x000000c8   0x000000c8   0x00000008   Code   RO           62    .ARM.Collect$$$$0000000B  mc_p.l(entry9a.o)
    0x000000d0   0x000000d0   0x00000000   Code   RO           64    .ARM.Collect$$$$0000000D  mc_p.l(entry10a.o)
    0x000000d0   0x000000d0   0x00000000   Code   RO           66    .ARM.Collect$$$$0000000F  mc_p.l(entry11a.o)
    0x000000d0   0x000000d0   0x00000004   Code   RO           55    .ARM.Collect$$$$00002712  mc_p.l(entry2.o)
    0x000000d4   0x000000d4   0x00000028   Code   RO           27  * .text               startup_mkl25z4.o
    0x000000fc   0x000000fc   0x00000024   Code   RO           76    .text               mc_p.l(init.o)
    0x00000120   0x00000120   0x00000018   Code   RO           10    .text.Delay         sevensegmentdisplay.o
    0x00000138   0x00000138   0x00000158   Code   RO            4    .text.Init          sevensegmentdisplay.o
    0x00000290   0x00000290   0x00000088   Code   RO            6    .text.Read_Button_State  sevensegmentdisplay.o
    0x00000318   0x00000318   0x0000000c   Code   RO           36    .text.SystemInit    system_mkl25z4.o
    0x00000324   0x00000324   0x00000024   Code   RO            2    .text.main          sevensegmentdisplay.o
    0x00000348   0x00000348   0x0000000e   Code   RO           80    i.__scatterload_copy  mc_p.l(handlers.o)
    0x00000356   0x00000356   0x00000002   Code   RO           81    i.__scatterload_null  mc_p.l(handlers.o)
    0x00000358   0x00000358   0x0000000e   Code   RO           82    i.__scatterload_zeroinit  mc_p.l(handlers.o)
    0x00000366   0x00000366   0x00000002   PAD
    0x00000368   0x00000368   0x00000010   Data   RO           79    Region$$Table       anon$$obj.o
    0x00000378   0x00000378   0x00000088   PAD
    0x00000400   0x00000400   0x00000010   Code   RO           26    .ARM.__at_0x400     startup_mkl25z4.o
    0x00000410   0x00000410   0x00000344   Code   RO            8    .text.Seven_Segment_Display  sevensegmentdisplay.o


    Execution Region ER_RW (Exec base: 0x1ffff000, Load base: 0x00000754, Size: 0x00000000, Max: 0xffffffff, ABSOLUTE)

    **** No section assigned to this execution region ****


    Execution Region ER_ZI (Exec base: 0x1ffff000, Load base: 0x00000754, Size: 0x00000110, Max: 0xffffffff, ABSOLUTE)

    Exec Addr    Load Addr    Size         Type   Attr      Idx    E Section Name        Object

    0x1ffff000        -       0x00000004   Zero   RW           12    .bss.switch1        sevensegmentdisplay.o
    0x1ffff004        -       0x00000004   Zero   RW           13    .bss.switch2        sevensegmentdisplay.o
    0x1ffff008        -       0x00000004   Zero   RW           14    .bss.switch3        sevensegmentdisplay.o
    0x1ffff00c        -       0x00000004   Zero   RW           15    .bss.switch4        sevensegmentdisplay.o
    0x1ffff010        -       0x00000100   Zero   RW           23    STACK               startup_mkl25z4.o


==============================================================================

Image component sizes


      Code (inc. data)   RO Data    RW Data    ZI Data      Debug   Object Name

      1376        124          0          0         16       2976   sevensegmentdisplay.o
        56         30        192          0        256        984   startup_mkl25z4.o
        12          4          0          0          0       2621   system_mkl25z4.o

    ----------------------------------------------------------------------
      1444        158        344          0        272       6581   Object Totals
         0          0         16          0          0          0   (incl. Generated)
         0          0        136          0          0          0   (incl. Padding)

    ----------------------------------------------------------------------

      Code (inc. data)   RO Data    RW Data    ZI Data      Debug   Library Member Name

         0          0          0          0          0          0   entry.o
         0          0          0          0          0          0   entry10a.o
         0          0          0          0          0          0   entry11a.o
         8          4          0          0          0          0   entry2.o
         4          0          0          0          0          0   entry5.o
         0          0          0          0          0          0   entry7b.o
         0          0          0          0          0          0   entry8b.o
         8          4          0          0          0          0   entry9a.o
        30          0          0          0          0          0   handlers.o
        36          8          0          0          0         68   init.o

    ----------------------------------------------------------------------
        88         16          0          0          0         68   Library Totals
         2          0          0          0          0          0   (incl. Padding)

    ----------------------------------------------------------------------

      Code (inc. data)   RO Data    RW Data    ZI Data      Debug   Library Name

        86         16          0          0          0         68   mc_p.l

    ----------------------------------------------------------------------
        88         16          0          0          0         68   Library Totals

    ----------------------------------------------------------------------

==============================================================================


      Code (inc. data)   RO Data    RW Data    ZI Data      Debug   

      1532        174        344          0        272       6781   Grand Totals
      1532        174        344          0        272       6781   ELF Image Totals
      1532        174        344          0          0          0   ROM Totals

==============================================================================

    Total RO  Size (Code + RO Data)                 1876 (   1.83kB)
    Total RW  Size (RW Data + ZI Data)               272 (   0.27kB)
    Total ROM Size (Code + RO Data + RW Data)       1876 (   1.83kB)

==============================================================================

